[13/Sep/2026 10:12:51] "POST /api/v1/onboarding/age-check/ HTTP/1.1" 200 199
[13/Sep/2026 10:13:17] "GET /api/v1/auth/csrf/ HTTP/1.1" 200 80
[13/Sep/2026 10:13:17] "GET /api/v1/auth/session/ HTTP/1.1" 200 63
[13/Sep/2026 10:13:17] "GET /api/v1/onboarding/config/ HTTP/1.1" 200 4416
[13/Sep/2026 10:13:17] "POST /api/v1/onboarding/age-check/ HTTP/1.1" 200 199
[13/Sep/2026 10:13:17] "POST /api/v1/onboarding/age-check/ HTTP/1.1" 200 182
[13/Sep/2026 10:13:17] "POST /api/v1/onboarding/age-check/ HTTP/1.1" 200 195
[13/Sep/2026 10:13:17] "POST /api/v1/username/check/ HTTP/1.1" 200 46
[13/Sep/2026 10:13:19] "POST /api/v1/accounts/register/ HTTP/1.1" 201 1522
[13/Sep/2026 10:13:19] "POST /api/v1/verification/upload/ HTTP/1.1" 201 140
[13/Sep/2026 10:13:21] "POST /api/v1/accounts/register/ HTTP/1.1" 201 1531
[13/Sep/2026 10:13:21] "GET /api/v1/auth/session/ HTTP/1.1" 200 647
[13/Sep/2026 10:13:21] "GET /api/v1/onboarding/first-experience/ HTTP/1.1" 200 587
[13/Sep/2026 10:13:21] "POST /api/v1/auth/logout/ HTTP/1.1" 200 23
[13/Sep/2026 10:13:23] "POST /api/v1/auth/login/ HTTP/1.1" 200 937
[13/Sep/2026 10:13:23] "GET /api/v1/auth/session/ HTTP/1.1" 200 648
[13/Sep/2026 10:13:24] "POST /api/v1/accounts/register/ HTTP/1.1" 201 1508
[13/Sep/2026 10:13:26] "POST /api/v1/auth/login/ HTTP/1.1" 200 937
[13/Sep/2026 10:13:26] "GET /api/v1/accounts/me/ HTTP/1.1" 200 591
[13/Sep/2026 10:13:26] "POST /api/v1/auth/token/refresh/ HTTP/1.1" 200 290
Unauthorized: /api/v1/auth/token/refresh/
[13/Sep/2026 10:13:26] "POST /api/v1/auth/token/refresh/ HTTP/1.1" 401 174
[13/Sep/2026 10:13:26] "POST /api/v1/auth/logout/ HTTP/1.1" 200 23
[13/Sep/2026 10:13:26] "GET /api/v1/auth/session/ HTTP/1.1" 200 63
[13/Sep/2026 10:13:28] "POST /api/v1/auth/login/ HTTP/1.1" 200 936
[13/Sep/2026 10:13:28] "POST /api/v1/auth/password/reset/ HTTP/1.1" 200 13
[13/Sep/2026 10:13:28] "POST /api/v1/auth/email/verify/request/ HTTP/1.1" 200 13
[13/Sep/2026 10:13:28] "POST /api/v1/auth/phone/verify/request/ HTTP/1.1" 200 80
[13/Sep/2026 10:13:28] "POST /api/v1/auth/phone/verify/ HTTP/1.1" 200 40
