Performing system checks...

System check identified no issues (0 silenced).
September 13, 2026 - 10:12:39
Django version 6.1.1, using settings 'config.settings'
Starting WSGI development server at http://127.0.0.1:8000/
Quit the server with CTRL-BREAK.

WARNING: This is a development server. Do not use it in a production setting. Use a production WSGI or ASGI server instead.
For more information on production servers see: https://docs.djangoproject.com/en/6.1/howto/deployment/
Content-Type: text/plain; charset="utf-8"
Content-Transfer-Encoding: quoted-printable
MIME-Version: 1.0
Subject: Confirm your Vector Strike email
From: no-reply@vectorstrike.app
To: smoke5d2270df@example.com
Date: Sun, 13 Sep 2026 04:43:19 +0000
Message-ID: <178927459961.13740.7031336823700774614@DESKTOP-ELS0JVT>

Hi Smoke Tester,

Confirm this e-mail address to finish setting up your account:

http://127.0.0.1:5173/verify-email?token=3DexWCE-x-typsNZEbNZv-340vX2L9FG6UFg=
NWs5sYQUw

This link expires in a few hours and can only be used once.
If you didn't create a Vector Strike account, you can ignore this message.

-------------------------------------------------------------------------------
Content-Type: text/plain; charset="utf-8"
Content-Transfer-Encoding: quoted-printable
MIME-Version: 1.0
Subject: Confirm your Vector Strike email
From: no-reply@vectorstrike.app
To: smoke5d2270dfx@example.com
Date: Sun, 13 Sep 2026 04:43:21 +0000
Message-ID: <178927460143.13740.7852910119752901610@DESKTOP-ELS0JVT>

Hi Adult Smoker,

Confirm this e-mail address to finish setting up your account:

http://127.0.0.1:5173/verify-email?token=3DDH2eydJ-anpTz98zwou1nWNzfqnUz41WL5=
5-tG60Yz0

This link expires in a few hours and can only be used once.
If you didn't create a Vector Strike account, you can ignore this message.

-------------------------------------------------------------------------------
Content-Type: text/plain; charset="utf-8"
Content-Transfer-Encoding: quoted-printable
MIME-Version: 1.0
Subject: Confirm your Vector Strike email
From: no-reply@vectorstrike.app
To: smoke5d2270df2@example.com
Date: Sun, 13 Sep 2026 04:43:24 +0000
Message-ID: <178927460464.13740.3674719248964575419@DESKTOP-ELS0JVT>

Hi Teen Smoker,

Confirm this e-mail address to finish setting up your account:

http://127.0.0.1:5173/verify-email?token=3DdhjjCvfAHc1fendwi_mpoPgWKzzCFHYmBA=
UY53HSKQw

This link expires in a few hours and can only be used once.
If you didn't create a Vector Strike account, you can ignore this message.

-------------------------------------------------------------------------------
Content-Type: text/plain; charset="utf-8"
Content-Transfer-Encoding: quoted-printable
MIME-Version: 1.0
Subject: Reset your Vector Strike password
From: no-reply@vectorstrike.app
To: smoke5d2270dfx@example.com
Date: Sun, 13 Sep 2026 04:43:28 +0000
Message-ID: <178927460823.13740.14671441476091851640@DESKTOP-ELS0JVT>

Hi Adult Smoker,

Someone asked to reset your password. Use this link to set a new one:

http://127.0.0.1:5173/reset-password?token=3DwzS4aBNo_2vvoVkBhzqg9r8gjyXSGN2r=
1pPBBBOMMWc

This link expires in a few hours and can only be used once.
If this wasn't you, you can safely ignore this e-mail.

-------------------------------------------------------------------------------
Content-Type: text/plain; charset="utf-8"
Content-Transfer-Encoding: quoted-printable
MIME-Version: 1.0
Subject: Confirm your Vector Strike email
From: no-reply@vectorstrike.app
To: smoke5d2270dfx@example.com
Date: Sun, 13 Sep 2026 04:43:28 +0000
Message-ID: <178927460828.13740.15659263993842153290@DESKTOP-ELS0JVT>

Hi Adult Smoker,

Confirm this e-mail address to finish setting up your account:

http://127.0.0.1:5173/verify-email?token=3D_nqCoMU0Phjp9VptDBmwpZFokL1aH4UnTe=
ISUvneEEI

This link expires in a few hours and can only be used once.
If you didn't create a Vector Strike account, you can ignore this message.

-------------------------------------------------------------------------------
