Not Found: /api/v1/
[26/Sep/2026 19:13:48] "GET /api/v1/ HTTP/1.1" 404 17124
[26/Sep/2026 19:14:01] "GET /admin/ HTTP/1.1" 302 0
Not Found: /api/v1/auth/
[26/Sep/2026 19:14:01] "GET /api/v1/auth/ HTTP/1.1" 404 17139
Unauthorized: /api/v1/auth/token/refresh/
[26/Sep/2026 19:22:03] "GET /api/v1/auth/csrf/ HTTP/1.1" 200 80
[26/Sep/2026 19:22:03] "POST /api/v1/auth/token/refresh/ HTTP/1.1" 401 174
[26/Sep/2026 19:22:04] "GET /api/v1/auth/session/ HTTP/1.1" 200 63
[26/Sep/2026 19:22:04] "GET /api/v1/auth/session/ HTTP/1.1" 200 63
[26/Sep/2026 19:22:17] "GET /api/v1/auth/csrf/ HTTP/1.1" 200 80
[26/Sep/2026 19:22:18] "GET /api/v1/auth/csrf/ HTTP/1.1" 200 80
Unauthorized: /api/v1/auth/token/refresh/
[26/Sep/2026 19:22:21] "POST /api/v1/auth/token/refresh/ HTTP/1.1" 401 174
[26/Sep/2026 19:22:22] "GET /api/v1/auth/session/ HTTP/1.1" 200 63
[26/Sep/2026 19:22:22] "GET /api/v1/auth/session/ HTTP/1.1" 200 63
[26/Sep/2026 19:26:58] "GET /api/v1/auth/csrf/ HTTP/1.1" 200 80
[26/Sep/2026 19:26:58] "GET /api/v1/auth/csrf/ HTTP/1.1" 200 80
Unauthorized: /api/v1/auth/token/refresh/
[26/Sep/2026 19:26:58] "POST /api/v1/auth/token/refresh/ HTTP/1.1" 401 174
[26/Sep/2026 19:26:58] "GET /api/v1/auth/session/ HTTP/1.1" 200 63
[26/Sep/2026 19:26:58] "GET /api/v1/auth/session/ HTTP/1.1" 200 63
[26/Sep/2026 19:33:27] "GET /api/v1/auth/csrf/ HTTP/1.1" 200 80
[26/Sep/2026 19:33:27] "GET /api/v1/auth/csrf/ HTTP/1.1" 200 80
Unauthorized: /api/v1/auth/token/refresh/
[26/Sep/2026 19:33:27] "POST /api/v1/auth/token/refresh/ HTTP/1.1" 401 174
[26/Sep/2026 19:33:28] "GET /api/v1/auth/session/ HTTP/1.1" 200 63
[26/Sep/2026 19:33:28] "GET /api/v1/auth/session/ HTTP/1.1" 200 63
[26/Sep/2026 19:33:31] "GET /api/v1/auth/csrf/ HTTP/1.1" 200 80
[26/Sep/2026 19:33:31] "GET /api/v1/auth/csrf/ HTTP/1.1" 200 80
Unauthorized: /api/v1/auth/token/refresh/
[26/Sep/2026 19:33:31] "POST /api/v1/auth/token/refresh/ HTTP/1.1" 401 174
[26/Sep/2026 19:33:32] "GET /api/v1/auth/session/ HTTP/1.1" 200 63
[26/Sep/2026 19:33:32] "GET /api/v1/auth/session/ HTTP/1.1" 200 63
[26/Sep/2026 19:33:33] "GET /api/v1/auth/csrf/ HTTP/1.1" 200 80
[26/Sep/2026 19:33:33] "GET /api/v1/auth/csrf/ HTTP/1.1" 200 80
Unauthorized: /api/v1/auth/token/refresh/
[26/Sep/2026 19:33:36] "POST /api/v1/auth/token/refresh/ HTTP/1.1" 401 174
[26/Sep/2026 19:33:36] "GET /api/v1/auth/session/ HTTP/1.1" 200 63
[26/Sep/2026 19:33:36] "GET /api/v1/auth/session/ HTTP/1.1" 200 63
[26/Sep/2026 19:34:06] "GET /api/v1/auth/csrf/ HTTP/1.1" 200 80
[26/Sep/2026 19:34:06] "GET /api/v1/auth/csrf/ HTTP/1.1" 200 80
Unauthorized: /api/v1/auth/token/refresh/
[26/Sep/2026 19:34:06] "POST /api/v1/auth/token/refresh/ HTTP/1.1" 401 174
[26/Sep/2026 19:34:06] "GET /api/v1/auth/session/ HTTP/1.1" 200 63
[26/Sep/2026 19:34:06] "GET /api/v1/auth/session/ HTTP/1.1" 200 63
[26/Sep/2026 19:34:08] "GET /api/v1/auth/csrf/ HTTP/1.1" 200 80
[26/Sep/2026 19:34:08] "GET /api/v1/auth/csrf/ HTTP/1.1" 200 80
Unauthorized: /api/v1/auth/token/refresh/
[26/Sep/2026 19:34:08] "POST /api/v1/auth/token/refresh/ HTTP/1.1" 401 174
[26/Sep/2026 19:34:09] "GET /api/v1/auth/session/ HTTP/1.1" 200 63
[26/Sep/2026 19:34:09] "GET /api/v1/auth/session/ HTTP/1.1" 200 63
[26/Sep/2026 19:34:09] "GET /api/v1/auth/csrf/ HTTP/1.1" 200 80
[26/Sep/2026 19:34:09] "GET /api/v1/auth/csrf/ HTTP/1.1" 200 80
Unauthorized: /api/v1/auth/token/refresh/
[26/Sep/2026 19:34:09] "POST /api/v1/auth/token/refresh/ HTTP/1.1" 401 174
[26/Sep/2026 19:34:09] "GET /api/v1/auth/session/ HTTP/1.1" 200 63
[26/Sep/2026 19:34:09] "GET /api/v1/auth/session/ HTTP/1.1" 200 63
[26/Sep/2026 19:35:48] "GET /api/v1/auth/csrf/ HTTP/1.1" 200 80
[26/Sep/2026 19:35:48] "GET /api/v1/auth/csrf/ HTTP/1.1" 200 80
Unauthorized: /api/v1/auth/token/refresh/
[26/Sep/2026 19:35:48] "POST /api/v1/auth/token/refresh/ HTTP/1.1" 401 174
[26/Sep/2026 19:35:49] "GET /api/v1/auth/session/ HTTP/1.1" 200 63
[26/Sep/2026 19:35:49] "GET /api/v1/auth/session/ HTTP/1.1" 200 63
[26/Sep/2026 19:35:50] "GET /api/v1/auth/csrf/ HTTP/1.1" 200 80
[26/Sep/2026 19:35:50] "GET /api/v1/auth/csrf/ HTTP/1.1" 200 80
Unauthorized: /api/v1/auth/token/refresh/
[26/Sep/2026 19:35:50] "POST /api/v1/auth/token/refresh/ HTTP/1.1" 401 174
[26/Sep/2026 19:35:50] "GET /api/v1/auth/session/ HTTP/1.1" 200 63
[26/Sep/2026 19:35:50] "GET /api/v1/auth/session/ HTTP/1.1" 200 63
